
[1m[46m RUN [49m[22m [36mv4.1.1 [39m[90mE:/Projet perso/Trouvable[39m

 [32mΓ£ô[39m lib/__tests__/cron-dispatch-bounds.test.js [2m([22m[2m6 tests[22m[2m)[22m[32m 6[2mms[22m[39m
 [32mΓ£ô[39m lib/__tests__/geo-compare-insights.test.js [2m([22m[2m5 tests[22m[2m)[22m[32m 128[2mms[22m[39m
 [32mΓ£ô[39m lib/__tests__/kpi-core.test.js [2m([22m[2m32 tests[22m[2m)[22m[32m 33[2mms[22m[39m
 [32mΓ£ô[39m lib/__tests__/remediation-prompt-builder.test.js [2m([22m[2m5 tests[22m[2m)[22m[32m 7[2mms[22m[39m
 [32mΓ£ô[39m lib/__tests__/prompt-contract-unification.test.js [2m([22m[2m3 tests[22m[2m)[22m[32m 11[2mms[22m[39m
 [32mΓ£ô[39m lib/__tests__/admin-email.test.js [2m([22m[2m10 tests[22m[2m)[22m[32m 68[2mms[22m[39m
 [32mΓ£ô[39m lib/__tests__/geo-query-utils.test.js [2m([22m[2m21 tests[22m[2m)[22m[32m 14[2mms[22m[39m
 [32mΓ£ô[39m lib/__tests__/extraction-v2.test.js [2m([22m[2m12 tests[22m[2m)[22m[32m 17[2mms[22m[39m
 [32mΓ£ô[39m lib/__tests__/core-hardening.test.js [2m([22m[2m32 tests[22m[2m)[22m[32m 35[2mms[22m[39m
 [32mΓ£ô[39m lib/__tests__/cron-auth.test.js [2m([22m[2m9 tests[22m[2m)[22m[32m 10[2mms[22m[39m
node.exe : [90mstderr[2m | lib/__tests__/remediation-ai.test.js[2m > 
[22m[2mcallMistralForRemediation()[2m > [22m[2mreturns null on provider 
failure
At line:1 char:1
+ & "E:\Stocks\Node/node.exe" "E:\Stocks\Node/node_modules/npm/bin/npx- ...
+ ~~~~~~~~~~~~~~~~~~~~~~~~~~~~~~~~~~~~~~~~~~~~~~~~~~~~~~~~~~~~~~~~~~~~~
    + CategoryInfo          : NotSpecified: ([90mstderr[2m...rovider failure 
   :String) [], RemoteException
    + FullyQualifiedErrorId : NativeCommandError
 
[22m[39m[Remediation/Mistral] generation failed: {
  clientId: [32m'client-1'[39m,
  problemType: [32m'missing_faq_for_intent'[39m,
  error: [32m'provider down'[39m
}

 [32mΓ£ô[39m lib/__tests__/remediation-ai.test.js [2m([22m[2m4 tests[22m[2m)[22m[32m 10[2mms[22m[39m
 [32mΓ£ô[39m lib/__tests__/llm-comparison.test.js [2m([22m[2m4 tests[22m[2m)[22m[32m 249[2mms[22m[39m
 [32mΓ£ô[39m lib/__tests__/remediation-problem-mapper.test.js [2m([22m[2m6 tests[22m[2m)[22m[32m 26[2mms[22m[39m
 [32mΓ£ô[39m lib/__tests__/geo-mistral-engine.test.js [2m([22m[2m2 tests[22m[2m)[22m[32m 263[2mms[22m[39m
 [32mΓ£ô[39m lib/__tests__/rate-limit.test.js [2m([22m[2m6 tests[22m[2m)[22m[32m 6[2mms[22m[39m
 [32mΓ£ô[39m lib/__tests__/response-contract.test.js [2m([22m[2m1 test[22m[2m)[22m[32m 10[2mms[22m[39m
 [32mΓ£ô[39m lib/__tests__/onboarding-prompts-contract.test.js [2m([22m[2m3 tests[22m[2m)[22m[32m 9[2mms[22m[39m
 [32mΓ£ô[39m lib/__tests__/google-grounding.test.js [2m([22m[2m2 tests[22m[2m)[22m[32m 49[2mms[22m[39m
 [32mΓ£ô[39m lib/__tests__/mention-entity-type.test.js [2m([22m[2m3 tests[22m[2m)[22m[32m 6[2mms[22m[39m
 [32mΓ£ô[39m lib/__tests__/geo-compare-form.test.js [2m([22m[2m6 tests[22m[2m)[22m[32m 6[2mms[22m[39m
 [32mΓ£ô[39m lib/__tests__/mistral-rate-limit.test.js [2m([22m[2m1 test[22m[2m)[22m[32m 112[2mms[22m[39m
 [32mΓ£ô[39m lib/__tests__/prompt-contract-api-integration.test.js [2m([22m[2m3 tests[22m[2m)[22m[33m 799[2mms[22m[39m
     [33m[2mΓ£ô[22m[39m create prompt API persists canonical v2 fields [33m 545[2mms[22m[39m
[90mstderr[2m | lib/__tests__/llm-compare-route.test.js[2m > [22m[2mPOST 
/api/admin/llm-compare[2m > [22m[2mmaps typed comparison errors to stable 
JSON error
[22m[39m[api/admin/llm-compare] LlmComparisonError: prompt manquant
    at E:/Projet perso/Trouvable/lib/__tests__/llm-compare-route.test.js:56:45
[90m    at processTicksAndRejections 
(node:internal/process/task_queues:103:5)[39m
    at [90mfile:///E:/Projet%20perso/Trouvable/[39mnode_modules/[4m@vitest/r
unner[24m/dist/chunk-artifact.js:1893:20 {
  errorClass: [32m'input_error'[39m,
  metadata: [1mnull[22m
}

 [32mΓ£ô[39m lib/__tests__/llm-compare-route.test.js [2m([22m[2m2 tests[22m[2m)[22m[32m 269[2mms[22m[39m
 [32mΓ£ô[39m lib/__tests__/extract-content.test.js [2m([22m[2m2 tests[22m[2m)[22m[33m 931[2mms[22m[39m
     [33m[2mΓ£ô[22m[39m normalizes raw text input [33m 923[2mms[22m[39m

[2m Test Files [22m [1m[32m24 passed[39m[22m[90m (24)[39m
[2m      Tests [22m [1m[32m180 passed[39m[22m[90m (180)[39m
[2m   Start at [22m 01:30:07
[2m   Duration [22m 2.14s[2m (transform 2.44s, setup 0ms, import 3.36s, tests 3.07s, environment 4ms)[22m

